Audit410Independent.lean:1:30: error: unexpected identifier; expected command
Audit410Independent.lean:5:7: error(lean.unknownIdentifier): Unknown constant `JSP410Independent.closedSublevel`
Audit410Independent.lean:7:7: error(lean.unknownIdentifier): Unknown constant `JSP410Independent.largeComponents`
Audit410Independent.lean:9:7: error(lean.unknownIdentifier): Unknown constant `Erdos511.componentsIn`
Audit410Independent.lean:11:7: error(lean.unknownIdentifier): Unknown constant `JSP410Independent.ConstructionAPI.point`
Audit410Independent.lean:13:7: error(lean.unknownIdentifier): Unknown constant `JSP410Independent.ConstructionAPI.height`
Audit410Independent.lean:15:7: error(lean.unknownIdentifier): Unknown constant `JSP410Independent.ConstructionAPI.gauge`
Audit410Independent.lean:17:7: error(lean.unknownIdentifier): Unknown constant `JSP410Independent.ConstructionAPI.core`
Audit410Independent.lean:19:7: error(lean.unknownIdentifier): Unknown constant `JSP410Independent.ConstructionAPI.radius`
Audit410Independent.lean:21:7: error(lean.unknownIdentifier): Unknown constant `JSP410Independent.ConstructionAPI.margin`
Audit410Independent.lean:23:7: error(lean.unknownIdentifier): Unknown constant `JSP410Independent.ConstructionAPI.approxTarget`
Audit410Independent.lean:25:7: error(lean.unknownIdentifier): Unknown constant `JSP410Independent.ConstructionAPI.heightHalf`
Audit410Independent.lean:27:8: error(lean.unknownIdentifier): Unknown identifier `JSP410Independent.component_subset_gauge_lt`
Audit410Independent.lean:28:14: error(lean.unknownIdentifier): Unknown constant `JSP410Independent.component_subset_gauge_lt`
Audit410Independent.lean:30:8: error(lean.unknownIdentifier): Unknown identifier `JSP410Independent.core_subset_component`
Audit410Independent.lean:31:14: error(lean.unknownIdentifier): Unknown constant `JSP410Independent.core_subset_component`
Audit410Independent.lean:33:8: error(lean.unknownIdentifier): Unknown identifier `JSP410Independent.component_family_injective`
Audit410Independent.lean:34:14: error(lean.unknownIdentifier): Unknown constant `JSP410Independent.component_family_injective`
Audit410Independent.lean:36:8: error(lean.unknownIdentifier): Unknown identifier `JSP410Independent.component_isBounded`
Audit410Independent.lean:37:14: error(lean.unknownIdentifier): Unknown constant `JSP410Independent.component_isBounded`
Audit410Independent.lean:39:8: error(lean.unknownIdentifier): Unknown identifier `JSP410Independent.le_component_diam_of_core`
Audit410Independent.lean:40:14: error(lean.unknownIdentifier): Unknown constant `JSP410Independent.le_component_diam_of_core`
Audit410Independent.lean:42:8: error(lean.unknownIdentifier): Unknown identifier `JSP410Independent.largeComponents_embedding`
Audit410Independent.lean:43:14: error(lean.unknownIdentifier): Unknown constant `JSP410Independent.largeComponents_embedding`
Audit410Independent.lean:45:8: error(lean.unknownIdentifier): Unknown identifier `JSP410Independent.closedSublevel_avoids_gauge_one`
Audit410Independent.lean:46:14: error(lean.unknownIdentifier): Unknown constant `JSP410Independent.closedSublevel_avoids_gauge_one`
Audit410Independent.lean:48:8: error(lean.unknownIdentifier): Unknown identifier `JSP410Independent.closedSublevel_component_isBounded`
Audit410Independent.lean:49:14: error(lean.unknownIdentifier): Unknown constant `JSP410Independent.closedSublevel_component_isBounded`
Audit410Independent.lean:51:8: error(lean.unknownIdentifier): Unknown identifier `JSP410Independent.ConstructionAPI.approximation_exists`
Audit410Independent.lean:52:14: error(lean.unknownIdentifier): Unknown constant `JSP410Independent.ConstructionAPI.approximation_exists`
Audit410Independent.lean:54:8: error(lean.unknownIdentifier): Unknown identifier `JSP410Independent.ConstructionAPI.continuous_gauge`
Audit410Independent.lean:55:14: error(lean.unknownIdentifier): Unknown constant `JSP410Independent.ConstructionAPI.continuous_gauge`
Audit410Independent.lean:57:8: error(lean.unknownIdentifier): Unknown identifier `JSP410Independent.ConstructionAPI.gauge_envelope`
Audit410Independent.lean:58:14: error(lean.unknownIdentifier): Unknown constant `JSP410Independent.ConstructionAPI.gauge_envelope`
Audit410Independent.lean:60:8: error(lean.unknownIdentifier): Unknown identifier `JSP410Independent.ConstructionAPI.positive_margin`
Audit410Independent.lean:61:14: error(lean.unknownIdentifier): Unknown constant `JSP410Independent.ConstructionAPI.positive_margin`
Audit410Independent.lean:63:8: error(lean.unknownIdentifier): Unknown identifier `JSP410Independent.ConstructionAPI.boundary_barrier`
Audit410Independent.lean:64:14: error(lean.unknownIdentifier): Unknown constant `JSP410Independent.ConstructionAPI.boundary_barrier`
Audit410Independent.lean:66:8: error(lean.unknownIdentifier): Unknown identifier `JSP410Independent.ConstructionAPI.core_isPreconnected`
Audit410Independent.lean:67:14: error(lean.unknownIdentifier): Unknown constant `JSP410Independent.ConstructionAPI.core_isPreconnected`
Audit410Independent.lean:69:8: error(lean.unknownIdentifier): Unknown identifier `JSP410Independent.ConstructionAPI.center_in_core`
Audit410Independent.lean:70:14: error(lean.unknownIdentifier): Unknown constant `JSP410Independent.ConstructionAPI.center_in_core`
Audit410Independent.lean:72:8: error(lean.unknownIdentifier): Unknown identifier `JSP410Independent.ConstructionAPI.other_center_outside`
Audit410Independent.lean:73:14: error(lean.unknownIdentifier): Unknown constant `JSP410Independent.ConstructionAPI.other_center_outside`
Audit410Independent.lean:75:8: error(lean.unknownIdentifier): Unknown identifier `JSP410Independent.ConstructionAPI.core_in_closedSublevel`
Audit410Independent.lean:76:14: error(lean.unknownIdentifier): Unknown constant `JSP410Independent.ConstructionAPI.core_in_closedSublevel`
Audit410Independent.lean:78:8: error(lean.unknownIdentifier): Unknown identifier `JSP410Independent.ConstructionAPI.center_gauge_lt`
Audit410Independent.lean:79:14: error(lean.unknownIdentifier): Unknown constant `JSP410Independent.ConstructionAPI.center_gauge_lt`
Audit410Independent.lean:81:8: error(lean.unknownIdentifier): Unknown identifier `JSP410Independent.ConstructionAPI.left_endpoint_in_core`
Audit410Independent.lean:82:14: error(lean.unknownIdentifier): Unknown constant `JSP410Independent.ConstructionAPI.left_endpoint_in_core`
Audit410Independent.lean:84:8: error(lean.unknownIdentifier): Unknown identifier `JSP410Independent.ConstructionAPI.right_endpoint_in_core`
Audit410Independent.lean:85:14: error(lean.unknownIdentifier): Unknown constant `JSP410Independent.ConstructionAPI.right_endpoint_in_core`
Audit410Independent.lean:87:8: error(lean.unknownIdentifier): Unknown identifier `JSP410Independent.ConstructionAPI.endpoint_distance`
Audit410Independent.lean:88:14: error(lean.unknownIdentifier): Unknown constant `JSP410Independent.ConstructionAPI.endpoint_distance`
Audit410Independent.lean:90:8: error(lean.unknownIdentifier): Unknown identifier `JSP410Independent.component_mem_componentsIn`
Audit410Independent.lean:91:14: error(lean.unknownIdentifier): Unknown constant `JSP410Independent.component_mem_componentsIn`
Audit410Independent.lean:93:8: error(lean.unknownIdentifier): Unknown identifier `JSP410Independent.arbitrarily_many_large_closed_components`
Audit410Independent.lean:94:14: error(lean.unknownIdentifier): Unknown constant `JSP410Independent.arbitrarily_many_large_closed_components`
Audit410Independent.lean:96:8: error(lean.unknownIdentifier): Unknown identifier `JSP410Independent.no_uniform_bound_for_large_closed_components`
Audit410Independent.lean:97:14: error(lean.unknownIdentifier): Unknown constant `JSP410Independent.no_uniform_bound_for_large_closed_components`
